---
http_interactions:
- request:
    method: get
    uri: http://www.mapquestapi.com/geocoding/v1/address?key=<MAPQUEST_KEY>&location=Austin,%20TX
    body:
      encoding: US-ASCII
      string: ''
    headers:
      User-Agent:
      - Faraday v1.8.0
      Accept-Encoding:
      - gzip;q=1.0,deflate;q=0.6,identity;q=0.3
      Accept:
      - "*/*"
  response:
    status:
      code: 200
      message: ''
    headers:
      Date:
      - Tue, 16 Nov 2021 03:36:16 GMT
      Content-Type:
      - application/json;charset=UTF-8
      Content-Length:
      - '1031'
      Access-Control-Allow-Methods:
      - OPTIONS,GET,POST
      Access-Control-Allow-Origin:
      - "*"
      Cache-Control:
      - no-cache, must-revalidate
      Expires:
      - Mon, 20 Dec 1998 01:00:00 GMT
      Geocodetransactioncount:
      - '1'
      Last-Modified:
      - Tue, 16 Nov 2021 03:36:16 GMT
      Pragma:
      - no-cache
      Reversegeocodetransactioncount:
      - '0'
      Set-Cookie:
      - JSESSIONID=B156B635151A00AEBF4496900206F322; Path=/; HttpOnly
      Status:
      - success
      Transactionweight:
      - '1.0'
    body:
      encoding: UTF-8
      string: '{"info":{"statuscode":0,"copyright":{"text":"\u00A9 2021 MapQuest,
        Inc.","imageUrl":"http://api.mqcdn.com/res/mqlogo.gif","imageAltText":"\u00A9
        2021 MapQuest, Inc."},"messages":[]},"options":{"maxResults":-1,"thumbMaps":true,"ignoreLatLngInput":false},"results":[{"providedLocation":{"location":"Austin,
        TX"},"locations":[{"street":"","adminArea6":"","adminArea6Type":"Neighborhood","adminArea5":"Austin","adminArea5Type":"City","adminArea4":"Travis
        County","adminArea4Type":"County","adminArea3":"TX","adminArea3Type":"State","adminArea1":"US","adminArea1Type":"Country","postalCode":"","geocodeQualityCode":"A5XAX","geocodeQuality":"CITY","dragPoint":false,"sideOfStreet":"N","linkId":"282038951","unknownInput":"","type":"s","latLng":{"lat":30.264979,"lng":-97.746598},"displayLatLng":{"lat":30.264979,"lng":-97.746598},"mapUrl":"http://www.mapquestapi.com/staticmap/v5/map?key=<MAPQUEST_KEY>&type=map&size=225,160&locations=30.264979,-97.746598|marker-sm-50318A-1&scalebar=true&zoom=12&rand=-1988051846"}]}]}'
  recorded_at: Tue, 16 Nov 2021 03:36:16 GMT
- request:
    method: get
    uri: https://api.openweathermap.org/data/2.5/weather?appid=<OPENWEATHER_KEY>&exclude=minutely,alerts&lat=30.264979&lon=-97.746598&units=imperial
    body:
      encoding: US-ASCII
      string: ''
    headers:
      User-Agent:
      - Faraday v1.8.0
      Accept-Encoding:
      - gzip;q=1.0,deflate;q=0.6,identity;q=0.3
      Accept:
      - "*/*"
  response:
    status:
      code: 200
      message: OK
    headers:
      Server:
      - openresty
      Date:
      - Tue, 16 Nov 2021 03:36:17 GMT
      Content-Type:
      - application/json; charset=utf-8
      Content-Length:
      - '479'
      Connection:
      - keep-alive
      X-Cache-Key:
      - "/data/2.5/weather?exclude=minutely%2Calerts&lat=30.26&lon=-97.75&units=imperial"
      Access-Control-Allow-Origin:
      - "*"
      Access-Control-Allow-Credentials:
      - 'true'
      Access-Control-Allow-Methods:
      - GET, POST
    body:
      encoding: UTF-8
      string: '{"coord":{"lon":-97.7466,"lat":30.265},"weather":[{"id":800,"main":"Clear","description":"clear
        sky","icon":"01n"}],"base":"stations","main":{"temp":67.84,"feels_like":68.13,"temp_min":64.2,"temp_max":70.86,"pressure":1017,"humidity":81},"visibility":10000,"wind":{"speed":1.99,"deg":158,"gust":5.99},"clouds":{"all":0},"dt":1637033753,"sys":{"type":2,"id":2003218,"country":"US","sunrise":1636981016,"sunset":1637019275},"timezone":-21600,"id":4671654,"name":"Austin","cod":200}'
  recorded_at: Tue, 16 Nov 2021 03:36:17 GMT
- request:
    method: get
    uri: http://www.boredapi.com/api/activity?type=relaxation
    body:
      encoding: US-ASCII
      string: ''
    headers:
      User-Agent:
      - Faraday v1.8.0
      Accept-Encoding:
      - gzip;q=1.0,deflate;q=0.6,identity;q=0.3
      Accept:
      - "*/*"
  response:
    status:
      code: 200
      message: OK
    headers:
      Server:
      - Cowboy
      Connection:
      - keep-alive
      X-Powered-By:
      - Express
      Access-Control-Allow-Origin:
      - "*"
      Access-Control-Allow-Headers:
      - Origin, X-Requested-With, Content-Type, Accept
      Content-Type:
      - application/json; charset=utf-8
      Content-Length:
      - '135'
      Etag:
      - W/"87-sp001QjFMNHnboSnAlpwiMtN9ds"
      Date:
      - Tue, 16 Nov 2021 03:36:19 GMT
      Via:
      - 1.1 vegur
    body:
      encoding: UTF-8
      string: '{"activity":"Listen to a new podcast","type":"relaxation","participants":1,"price":0.05,"link":"","key":"4124860","accessibility":0.12}'
  recorded_at: Tue, 16 Nov 2021 03:36:19 GMT
- request:
    method: get
    uri: http://www.boredapi.com/api/activity?type=recreational
    body:
      encoding: US-ASCII
      string: ''
    headers:
      User-Agent:
      - Faraday v1.8.0
      Accept-Encoding:
      - gzip;q=1.0,deflate;q=0.6,identity;q=0.3
      Accept:
      - "*/*"
  response:
    status:
      code: 200
      message: OK
    headers:
      Server:
      - Cowboy
      Connection:
      - keep-alive
      X-Powered-By:
      - Express
      Access-Control-Allow-Origin:
      - "*"
      Access-Control-Allow-Headers:
      - Origin, X-Requested-With, Content-Type, Accept
      Content-Type:
      - application/json; charset=utf-8
      Content-Length:
      - '120'
      Etag:
      - W/"78-tZHpEjYTiXlvBBUX8OzulbytI3Q"
      Date:
      - Tue, 16 Nov 2021 03:36:22 GMT
      Via:
      - 1.1 vegur
    body:
      encoding: UTF-8
      string: '{"activity":"Write a poem","type":"recreational","participants":1,"price":0,"link":"","key":"8688620","accessibility":0}'
  recorded_at: Tue, 16 Nov 2021 03:36:22 GMT
- request:
    method: get
    uri: http://www.mapquestapi.com/geocoding/v1/address?key=<MAPQUEST_KEY>&location=Austin,%20TX
    body:
      encoding: US-ASCII
      string: ''
    headers:
      User-Agent:
      - Faraday v1.8.0
      Accept-Encoding:
      - gzip;q=1.0,deflate;q=0.6,identity;q=0.3
      Accept:
      - "*/*"
  response:
    status:
      code: 200
      message: ''
    headers:
      Date:
      - Tue, 16 Nov 2021 03:36:22 GMT
      Content-Type:
      - application/json;charset=UTF-8
      Content-Length:
      - '1031'
      Access-Control-Allow-Methods:
      - OPTIONS,GET,POST
      Access-Control-Allow-Origin:
      - "*"
      Cache-Control:
      - no-cache, must-revalidate
      Expires:
      - Mon, 20 Dec 1998 01:00:00 GMT
      Geocodetransactioncount:
      - '1'
      Last-Modified:
      - Tue, 16 Nov 2021 03:36:22 GMT
      Pragma:
      - no-cache
      Reversegeocodetransactioncount:
      - '0'
      Set-Cookie:
      - JSESSIONID=A008896ECE706DDDF3C3BEFDD4E021D8; Path=/; HttpOnly
      Status:
      - success
      Transactionweight:
      - '1.0'
    body:
      encoding: UTF-8
      string: '{"info":{"statuscode":0,"copyright":{"text":"\u00A9 2021 MapQuest,
        Inc.","imageUrl":"http://api.mqcdn.com/res/mqlogo.gif","imageAltText":"\u00A9
        2021 MapQuest, Inc."},"messages":[]},"options":{"maxResults":-1,"thumbMaps":true,"ignoreLatLngInput":false},"results":[{"providedLocation":{"location":"Austin,
        TX"},"locations":[{"street":"","adminArea6":"","adminArea6Type":"Neighborhood","adminArea5":"Austin","adminArea5Type":"City","adminArea4":"Travis
        County","adminArea4Type":"County","adminArea3":"TX","adminArea3Type":"State","adminArea1":"US","adminArea1Type":"Country","postalCode":"","geocodeQualityCode":"A5XAX","geocodeQuality":"CITY","dragPoint":false,"sideOfStreet":"N","linkId":"282038951","unknownInput":"","type":"s","latLng":{"lat":30.264979,"lng":-97.746598},"displayLatLng":{"lat":30.264979,"lng":-97.746598},"mapUrl":"http://www.mapquestapi.com/staticmap/v5/map?key=<MAPQUEST_KEY>&type=map&size=225,160&locations=30.264979,-97.746598|marker-sm-50318A-1&scalebar=true&zoom=12&rand=-1866313902"}]}]}'
  recorded_at: Tue, 16 Nov 2021 03:36:22 GMT
- request:
    method: get
    uri: http://www.boredapi.com/api/activity?type=relaxation
    body:
      encoding: US-ASCII
      string: ''
    headers:
      User-Agent:
      - Faraday v1.8.0
      Accept-Encoding:
      - gzip;q=1.0,deflate;q=0.6,identity;q=0.3
      Accept:
      - "*/*"
  response:
    status:
      code: 200
      message: OK
    headers:
      Server:
      - Cowboy
      Connection:
      - keep-alive
      X-Powered-By:
      - Express
      Access-Control-Allow-Origin:
      - "*"
      Access-Control-Allow-Headers:
      - Origin, X-Requested-With, Content-Type, Accept
      Content-Type:
      - application/json; charset=utf-8
      Content-Length:
      - '142'
      Etag:
      - W/"8e-G/XsFW2gYOHwllC2L66f96WE6OA"
      Date:
      - Tue, 16 Nov 2021 03:36:25 GMT
      Via:
      - 1.1 vegur
    body:
      encoding: UTF-8
      string: '{"activity":"Go on a long drive with no music","type":"relaxation","participants":1,"price":0.1,"link":"","key":"4290333","accessibility":0.2}'
  recorded_at: Tue, 16 Nov 2021 03:36:25 GMT
- request:
    method: get
    uri: http://www.boredapi.com/api/activity?type=recreational
    body:
      encoding: US-ASCII
      string: ''
    headers:
      User-Agent:
      - Faraday v1.8.0
      Accept-Encoding:
      - gzip;q=1.0,deflate;q=0.6,identity;q=0.3
      Accept:
      - "*/*"
  response:
    status:
      code: 200
      message: OK
    headers:
      Server:
      - Cowboy
      Connection:
      - keep-alive
      X-Powered-By:
      - Express
      Access-Control-Allow-Origin:
      - "*"
      Access-Control-Allow-Headers:
      - Origin, X-Requested-With, Content-Type, Accept
      Content-Type:
      - application/json; charset=utf-8
      Content-Length:
      - '152'
      Etag:
      - W/"98-xrgxGUW0K2Q9nfcslQ2WkUZjzfw"
      Date:
      - Tue, 16 Nov 2021 03:36:28 GMT
      Via:
      - 1.1 vegur
    body:
      encoding: UTF-8
      string: '{"activity":"Patronize a local independent restaurant","type":"recreational","participants":1,"price":0.2,"link":"","key":"5319204","accessibility":0.1}'
  recorded_at: Tue, 16 Nov 2021 03:36:28 GMT
recorded_with: VCR 6.0.0
